// Jest Snapshot v1, https://goo.gl/fbAQLP

exports[`queryGraphQLData requires a query 1`] = `"queryGraphQLData requires the query argument"`;

exports[`queryGraphQLData requires an endpointName 1`] = `"queryGraphQLData requires the endpointName argument"`;

exports[`queryGraphQLData requires variables to be an object 1`] = `"queryGraphQLData requires the variables argument to be an object"`;
